=== 存储引擎测试 ===

Database opened: test_db.dat (pages: 9)
初始状态:
  总页数: 9
  已分配页: 7
  空闲页: 1
  文件大小: 36864 字节

分配数据页...
  分配数据页 #1
  分配数据页 #1
  分配数据页 #9
  分配数据页 #10
  分配数据页 #11

分配索引页...
  分配索引页 #12
  分配索引页 #13
  分配索引页 #14

读取和写入页...
  页 #1 (类型: 1, 空闲空间: 4072)
    已插入测试记录到槽 #0
  页 #1 (类型: 1, 空闲空间: 4021)
    已插入测试记录到槽 #1
  页 #9 (类型: 1, 空闲空间: 4072)
    已插入测试记录到槽 #0
  页 #10 (类型: 1, 空闲空间: 4072)
    已插入测试记录到槽 #0
  页 #11 (类型: 1, 空闲空间: 4072)
    已插入测试记录到槽 #0

分配后状态:
  总页数: 15
  已分配页: 14
  空闲页: 0
  文件大小: 61440 字节

释放部分页...
  已释放页 #1

释放后状态:
  已分配页: 13
  空闲页: 1

刷新并关闭数据库...
Database closed.

重新打开数据库...
Database opened: test_db.dat (pages: 15)
重新打开后状态:
  总页数: 15
  已分配页: 0
  空闲页: 0

验证数据持久化（槽目录）:
  页 #9 (类型: 1, 槽数: 1)
    槽#0: Hello, Storage Engine! This is a test message. 
  页 #10 (类型: 1, 槽数: 1)
    槽#0: Hello, Storage Engine! This is a test message. 
  页 #11 (类型: 1, 槽数: 1)
    槽#0: Hello, Storage Engine! This is a test message. 
Database closed.

=== 测试完成 ===
